

Jan 3, 2008
C:\Documents and Settings\hongcui\Desktop\iConference\fna630-2-result
[f_ALISMATACEAE_g_ALISMA_s_plantago.descrpt1][Extra Content][/][]